  Determining projects to restore...
  All projects are up-to-date for restore.
  TimesheetGenerator.Web -> C:\MCIT\Projects\Experiment\TimesheetGenerator\TimesheetGenerator.Web\bin\Debug\net9.0\TimesheetGenerator.Web.dll
  TimesheetGenerator.Web (Blazor output) -> C:\MCIT\Projects\Experiment\TimesheetGenerator\TimesheetGenerator.Web\bin\Debug\net9.0\wwwroot
C:\MCIT\Projects\Experiment\TimesheetGenerator\TimesheetGenerator.Server\Program.cs(15,9): error CS1061: 'WebApplication' does not contain a definition for 'UseWebAssemblyDebugging' and no accessible extension method 'UseWebAssemblyDebugging' accepting a first argument of type 'WebApplication' could be found (are you missing a using directive or an assembly reference?) [C:\MCIT\Projects\Experiment\TimesheetGenerator\TimesheetGenerator.Server\TimesheetGenerator.Server.csproj]
C:\MCIT\Projects\Experiment\TimesheetGenerator\TimesheetGenerator.Server\Program.cs(26,5): error CS1061: 'WebApplication' does not contain a definition for 'UseBlazorFrameworkFiles' and no accessible extension method 'UseBlazorFrameworkFiles' accepting a first argument of type 'WebApplication' could be found (are you missing a using directive or an assembly reference?) [C:\MCIT\Projects\Experiment\TimesheetGenerator\TimesheetGenerator.Server\TimesheetGenerator.Server.csproj]

Build FAILED.

C:\MCIT\Projects\Experiment\TimesheetGenerator\TimesheetGenerator.Server\Program.cs(15,9): error CS1061: 'WebApplication' does not contain a definition for 'UseWebAssemblyDebugging' and no accessible extension method 'UseWebAssemblyDebugging' accepting a first argument of type 'WebApplication' could be found (are you missing a using directive or an assembly reference?) [C:\MCIT\Projects\Experiment\TimesheetGenerator\TimesheetGenerator.Server\TimesheetGenerator.Server.csproj]
C:\MCIT\Projects\Experiment\TimesheetGenerator\TimesheetGenerator.Server\Program.cs(26,5): error CS1061: 'WebApplication' does not contain a definition for 'UseBlazorFrameworkFiles' and no accessible extension method 'UseBlazorFrameworkFiles' accepting a first argument of type 'WebApplication' could be found (are you missing a using directive or an assembly reference?) [C:\MCIT\Projects\Experiment\TimesheetGenerator\TimesheetGenerator.Server\TimesheetGenerator.Server.csproj]
    0 Warning(s)
    2 Error(s)

Time Elapsed 00:00:02.08
